<!DOCTYPE html>
<html>
<head>
  <title>Test Page</title>
  <link rel="stylesheet" href="/assets/components.css">
</head>
<body>
  <div class="banner">
    <h1 class="banner__title">Welcome to the Test Page</h1>
    <div class="banner__content">
      <p>This is a test page for the metalsmith-bundled-components plugin.</p>
    </div>
    <a href="#" class="button">Learn More</a>
  </div>
  
  <script src="/assets/components.js"></script>
</body>
</html>