<!DOCTYPE html>
<html>
<head>
  <title>PostCSS Integration Test</title>
  <link rel="stylesheet" href="/assets/main.css">
</head>
<body>
  <div class="banner">
    <h1 class="banner__title">PostCSS Integration Test</h1>
  </div>
  
  <script src="/assets/main.js"></script>
</body>
</html>