<!DOCTYPE html>
<html>
<head>
  <title>Dependency Order Test</title>
  <link rel="stylesheet" href="/assets/components.css">
</head>
<body>
  <div class="base">
    <div class="dependent">
      <h1>Dependency Order Test</h1>
      <p>This tests the component dependency ordering.</p>
    </div>
  </div>
  
  <script src="/assets/components.js"></script>
</body>
</html>